// Jest Snapshot v1, https://goo.gl/fbAQLP

exports[`DeleteModel should render and match the snapshot 1`] = `
<div>
  <div
    class="modal"
  >
    <div
      class="card"
      style="width: 670px;"
    >
      <p
        class="title"
      >
        Are you sure you want to delete this item?
      </p>
      <div
        class="buttons"
      >
        <button
          class="button light"
          type="button"
        >
          Cancel
        </button>
        <button
          class="button danger"
          type="button"
        >
          Delete
        </button>
      </div>
    </div>
  </div>
</div>
`;
